// Jest Snapshot v1, https://goo.gl/fbAQLP

exports[`groups list should be rendered 1`] = `
<table
  className="table"
>
  <thead>
    <tr>
      <th>
        Name
      </th>
      <th>
        Account #
      </th>
      <th>
        External Id
      </th>
      <th>
        Status
      </th>
      <th>
        Office
      </th>
    </tr>
  </thead>
  <tbody>
    <tr>
      <td>
        Clientes    Plazo Fijo
      </td>
      <td>
        000000001
      </td>
      <td />
      <td>
        Active
      </td>
      <td>
        Big Data Bank
      </td>
    </tr>
    <tr>
      <td>
        SUPER MERCHANT
      </td>
      <td>
        000000002
      </td>
      <td />
      <td>
        Active
      </td>
      <td>
        ARCA NETWORK
      </td>
    </tr>
    <tr>
      <td>
        tryphena women group
      </td>
      <td>
        000000003
      </td>
      <td />
      <td>
        Active
      </td>
      <td>
        Head Office
      </td>
    </tr>
    <tr>
      <td>
        Fiter
      </td>
      <td>
        000000005
      </td>
      <td />
      <td>
        Active
      </td>
      <td>
        Head Office
      </td>
    </tr>
  </tbody>
</table>
`;
