// Jest Snapshot v1, https://goo.gl/fbAQLP

exports[`centers list should be rendered 1`] = `
<table
  className="table"
>
  <thead>
    <tr>
      <th>
        Name
      </th>
      <th>
        Account #
      </th>
      <th>
        External Id
      </th>
      <th>
        Status
      </th>
      <th>
        Office
      </th>
    </tr>
  </thead>
  <tbody>
    <tr>
      <td>
        GrupoBeat
      </td>
      <td>
        000000004
      </td>
      <td />
      <td>
        Active
      </td>
      <td>
        Head Office
      </td>
    </tr>
  </tbody>
</table>
`;
